node_modules/.pnpm/@types+d3-dispatch@3.0.7/node_modules/@types/d3-dispatch/index.d.ts(91,5): error TS1139: Type parameter declaration expected.
node_modules/.pnpm/@types+d3-dispatch@3.0.7/node_modules/@types/d3-dispatch/index.d.ts(91,22): error TS1005: ',' expected.
node_modules/.pnpm/@types+d3-dispatch@3.0.7/node_modules/@types/d3-dispatch/index.d.ts(91,36): error TS1005: ',' expected.
node_modules/.pnpm/@types+d3-dispatch@3.0.7/node_modules/@types/d3-dispatch/index.d.ts(91,48): error TS1005: ',' expected.
node_modules/.pnpm/@types+d3-dispatch@3.0.7/node_modules/@types/d3-dispatch/index.d.ts(92,1): error TS1109: Expression expected.
node_modules/.pnpm/@types+d3-dispatch@3.0.7/node_modules/@types/d3-dispatch/index.d.ts(93,5): error TS1109: Expression expected.
node_modules/.pnpm/@types+d3-dispatch@3.0.7/node_modules/@types/d3-dispatch/index.d.ts(93,26): error TS1011: An element access expression should take an argument.
node_modules/.pnpm/@types+d3-dispatch@3.0.7/node_modules/@types/d3-dispatch/index.d.ts(94,1): error TS1128: Declaration or statement expected.
node_modules/.pnpm/@types+d3-dispatch@3.0.7/node_modules/@types/d3-dispatch/index.d.ts(94,2): error TS1128: Declaration or statement expected.
node_modules/.pnpm/fast-check@4.5.2/node_modules/fast-check/lib/types57/arbitrary/constant.d.ts(8,34): error TS1139: Type parameter declaration expected.
node_modules/.pnpm/fast-check@4.5.2/node_modules/fast-check/lib/types57/arbitrary/constant.d.ts(8,41): error TS1005: ',' expected.
node_modules/.pnpm/fast-check@4.5.2/node_modules/fast-check/lib/types57/arbitrary/constant.d.ts(8,48): error TS1005: ')' expected.
node_modules/.pnpm/fast-check@4.5.2/node_modules/fast-check/lib/types57/arbitrary/constant.d.ts(8,50): error TS1434: Unexpected keyword or identifier.
node_modules/.pnpm/fast-check@4.5.2/node_modules/fast-check/lib/types57/arbitrary/constant.d.ts(8,51): error TS1128: Declaration or statement expected.
node_modules/.pnpm/fast-check@4.5.2/node_modules/fast-check/lib/types57/arbitrary/constant.d.ts(8,52): error TS1128: Declaration or statement expected.
node_modules/.pnpm/fast-check@4.5.2/node_modules/fast-check/lib/types57/arbitrary/constantFrom.d.ts(12,31): error TS1139: Type parameter declaration expected.
node_modules/.pnpm/fast-check@4.5.2/node_modules/fast-check/lib/types57/arbitrary/constantFrom.d.ts(12,48): error TS1109: Expression expected.
node_modules/.pnpm/fast-check@4.5.2/node_modules/fast-check/lib/types57/arbitrary/constantFrom.d.ts(12,62): error TS1005: ',' expected.
node_modules/.pnpm/fast-check@4.5.2/node_modules/fast-check/lib/types57/arbitrary/constantFrom.d.ts(12,63): error TS1134: Variable declaration expected.
node_modules/.pnpm/fast-check@4.5.2/node_modules/fast-check/lib/types57/arbitrary/constantFrom.d.ts(12,74): error TS1005: ',' expected.
node_modules/.pnpm/fast-check@4.5.2/node_modules/fast-check/lib/types57/arbitrary/constantFrom.d.ts(12,77): error TS1109: Expression expected.
